2026-08-29T18:19:48.418+05:30  INFO 14296 --- [fmhy-clone] [main] com.fmhyclone.FmhyCloneApplication       : Starting FmhyCloneApplication using Java 17.0.12 with PID 14296 (C:\Users\Kartik\Documents\JAVA-Springboot\fmhy-clone\target\classes started by Kartik in C:\Users\Kartik\Documents\JAVA-Springboot\fmhy-clone)
2026-08-29T18:19:48.424+05:30 DEBUG 14296 --- [fmhy-clone] [main] com.fmhyclone.FmhyCloneApplication       : Running with Spring Boot v4.1.0, Spring v7.0.8
2026-08-29T18:19:48.430+05:30  INFO 14296 --- [fmhy-clone] [main] com.fmhyclone.FmhyCloneApplication       : No active profile set, falling back to 1 default profile: "default"
2026-08-29T18:19:49.376+05:30  INFO 14296 --- [fmhy-clone] [main] .s.d.r.c.RepositoryConfigurationDelegate : Multiple Spring Data modules found, entering strict repository configuration mode
2026-08-29T18:19:49.383+05:30  INFO 14296 --- [fmhy-clone] [main] .s.d.r.c.RepositoryConfigurationDelegate : Bootstrapping Spring Data JPA repositories in DEFAULT mode.
2026-08-29T18:19:49.418+05:30  INFO 14296 --- [fmhy-clone] [main] .s.d.r.c.RepositoryConfigurationDelegate : Finished Spring Data repository scanning in 20 ms. Found 0 JPA repository interfaces.
2026-08-29T18:19:49.484+05:30  INFO 14296 --- [fmhy-clone] [main] .s.d.r.c.RepositoryConfigurationDelegate : Multiple Spring Data modules found, entering strict repository configuration mode
2026-08-29T18:19:49.486+05:30  INFO 14296 --- [fmhy-clone] [main] .s.d.r.c.RepositoryConfigurationDelegate : Bootstrapping Spring Data Redis repositories in DEFAULT mode.
2026-08-29T18:19:49.499+05:30  INFO 14296 --- [fmhy-clone] [main] .s.d.r.c.RepositoryConfigurationDelegate : Finished Spring Data repository scanning in 1 ms. Found 0 Redis repository interfaces.
2026-08-29T18:50:19.104+05:30  INFO 22480 --- [fmhy-clone] [main] com.fmhyclone.FmhyCloneApplication       : Starting FmhyCloneApplication using Java 17.0.12 with PID 22480 (C:\Users\Kartik\Documents\JAVA-Springboot\fmhy-clone\target\classes started by Kartik in C:\Users\Kartik\Documents\JAVA-Springboot\fmhy-clone)
2026-08-29T18:50:19.108+05:30 DEBUG 22480 --- [fmhy-clone] [main] com.fmhyclone.FmhyCloneApplication       : Running with Spring Boot v4.1.0, Spring v7.0.8
2026-08-29T18:50:19.109+05:30  INFO 22480 --- [fmhy-clone] [main] com.fmhyclone.FmhyCloneApplication       : No active profile set, falling back to 1 default profile: "default"
2026-08-29T18:50:19.953+05:30  INFO 22480 --- [fmhy-clone] [main] .s.d.r.c.RepositoryConfigurationDelegate : Multiple Spring Data modules found, entering strict repository configuration mode
2026-08-29T18:50:19.955+05:30  INFO 22480 --- [fmhy-clone] [main] .s.d.r.c.RepositoryConfigurationDelegate : Bootstrapping Spring Data JPA repositories in DEFAULT mode.
2026-08-29T18:50:20.067+05:30  INFO 22480 --- [fmhy-clone] [main] .s.d.r.c.RepositoryConfigurationDelegate : Finished Spring Data repository scanning in 103 ms. Found 2 JPA repository interfaces.
2026-08-29T18:50:20.124+05:30  INFO 22480 --- [fmhy-clone] [main] .s.d.r.c.RepositoryConfigurationDelegate : Multiple Spring Data modules found, entering strict repository configuration mode
2026-08-29T18:50:20.125+05:30  INFO 22480 --- [fmhy-clone] [main] .s.d.r.c.RepositoryConfigurationDelegate : Bootstrapping Spring Data Redis repositories in DEFAULT mode.
2026-08-29T18:50:20.139+05:30  INFO 22480 --- [fmhy-clone] [main] .RepositoryConfigurationExtensionSupport : Spring Data Redis - Could not safely identify store assignment for repository candidate interface com.fmhyclone.repository.CategoryRepository; If you want this repository to be a Redis repository, consider annotating your entities with one of these annotations: org.springframework.data.redis.core.RedisHash (preferred), or consider extending one of the following types with your repository: org.springframework.data.keyvalue.repository.KeyValueRepository
2026-08-29T18:50:20.139+05:30  INFO 22480 --- [fmhy-clone] [main] .RepositoryConfigurationExtensionSupport : Spring Data Redis - Could not safely identify store assignment for repository candidate interface com.fmhyclone.repository.LinkRepository; If you want this repository to be a Redis repository, consider annotating your entities with one of these annotations: org.springframework.data.redis.core.RedisHash (preferred), or consider extending one of the following types with your repository: org.springframework.data.keyvalue.repository.KeyValueRepository
2026-08-29T18:50:20.139+05:30  INFO 22480 --- [fmhy-clone] [main] .s.d.r.c.RepositoryConfigurationDelegate : Finished Spring Data repository scanning in 5 ms. Found 0 Redis repository interfaces.
2026-08-29T18:50:21.723+05:30  INFO 22480 --- [fmhy-clone] [main] org.hibernate.orm.jpa                    : HHH008540: Processing PersistenceUnitInfo [name: AotMetamodel]
2026-08-29T18:50:21.775+05:30  INFO 22480 --- [fmhy-clone] [main] org.hibernate.orm.core                   : HHH000001: Hibernate ORM core version 7.4.1.Final
2026-08-29T18:50:22.181+05:30  INFO 22480 --- [fmhy-clone] [main] o.s.o.j.p.SpringPersistenceUnitInfo      : No LoadTimeWeaver setup: ignoring JPA class transformer
2026-08-29T18:50:22.210+05:30  INFO 22480 --- [fmhy-clone] [main] org.hibernate.orm.connections.pooling    : HHH10001005: Database info:
	Database JDBC URL [undefined/unknown]
	Database driver: undefined/unknown
	Database dialect: SpringDataJpaAotDialect
	Database version: 0.0
	Default catalog/schema: unknown/unknown
	Autocommit mode: undefined/unknown
	Isolation level: <unknown>
	JDBC fetch size: undefined/unknown
	Pool: undefined/unknown
	Minimum pool size: undefined/unknown
	Maximum pool size: undefined/unknown
